---
source: src/widgets/theme_picker.rs
expression: render(&picker())
---
Default             Default                    
Alternate           File   Edit                
                    Sample text                
                     a selected line           
                     OK   Cancel               
                     input                     
                    {a help link}              
                                               
                                               
      OK        Cancel
