---
source: src/widgets/context_menu.rs
assertion_line: 619
expression: "render(&m, SCREEN)"
---
                                        
                                        
                                        
     ┌───────────┐                      
     │ Copy      │                      
     │ Export  ▸ │                      
     └───────────┘
