---
source: src/widgets/file_dialog.rs
assertion_line: 812
expression: buf.to_text()
---
Name:                                       
                                            
                                            
Files:                                      
..                                          
sub/                                        
a.txt                                       
b.txt                                       
                                            
                                            
                                            
                                            
                                            
                                            
/root                                       
                       Open       Cancel
