---
source: crates/rvision/src/widgets/message_box.rs
expression: buf.to_text()
---
┌──────── Paste ────────┐
│                       │
│  Clipboard is empty.  │
│                       │
│   Use Ctrl+Shift+V.   │
│                       │
│          OK           │
│                       │
└───────────────────────┘
