---
source: src/widgets/help_window.rs
expression: buf.to_text()
---
Introduction          │Welcome to the   
Keyboard              │thing. This is   
Mouse                 │the first, home  
                      │topic. See the   
                      │Mouse topic for  
                      │more.            
                      │                 
                      │
