---
source: src/widgets/file_dialog.rs
assertion_line: 719
expression: buf.to_text()
---
┌─────────────────── Open ───────────────────┐
│Name:                                       │
│                                            │
│                                            │
│Files:                                      │
│..                                         ▲│
│f00.txt                                    █│
│f01.txt                                    ▒│
│f02.txt                                    ▒│
│f03.txt                                    ▒│
│f04.txt                                    ▒│
│f05.txt                                    ▒│
│f06.txt                                    ▒│
│f07.txt                                    ▒│
│f08.txt                                    ▼│
│                                            │
│                       Open       Cancel    │
└────────────────────────────────────────────┘
