---
source: src/app.rs
assertion_line: 900
expression: frame.to_text()
---
 File  Edit                             
░░░░░░░░░░░░░░░░░░░░░░░░░░░░░░░░░░░░░░░░
░░╔═[■]═════ Untitled ══════[↑]╗░░░░░░░░
░░║P                           ║░░░░░░░░
░░║                            ║░░░░░░░░
░░║                            ║░░░░░░░░
░░║                            ║░░░░░░░░
░░╚════════════════════════════◢░░░░░░░░
░░░░░░░░░░░░░░░░░░░░░░░░░░░░░░░░░░░░░░░░
 F1 Help  Alt-X Exit
