---
source: crates/rvision/src/app.rs
expression: frame.to_text()
---
 File  Edit                             
░░░░░░░░░░░░░░░░░░░░░░░░░░░░░░░░░░░░░░░░
░░╔═[■]═════ Untitled ══════[↑]╗░░░░░░░░
░░║P                           ║░░░░░░░░
░░║                            ║░░░░░░░░
░░║                            ║░░░░░░░░
░░║                            ║░░░░░░░░
░░╚════════════════════════════╝░░░░░░░░
░░░░░░░░░░░░░░░░░░░░░░░░░░░░░░░░░░░░░░░░
 F1 Help  Alt-X Exit
